::1 - - [11/May/2025:16:01:35 +0000] "GET /api/books HTTP/1.1" 200 2 "-" "PostmanRuntime/7.43.4"
::1 - - [11/May/2025:16:01:43 +0000] "POST /api/books HTTP/1.1" 200 144 "-" "PostmanRuntime/7.43.4"
::1 - - [11/May/2025:16:02:05 +0000] "PUT /api/books/pickup?id=08c98a69-8bf8-4f54-b47f-662b8accb664 HTTP/1.1" 404 - "-" "PostmanRuntime/7.43.4"
::1 - - [11/May/2025:16:02:59 +0000] "PUT /api/books/pickup?id=925dd685-d655-41ff-8848-649fc5ce2f1b HTTP/1.1" 200 14 "-" "PostmanRuntime/7.43.4"
::1 - - [11/May/2025:16:03:47 +0000] "PUT /api/books/return?id=925dd685-d655-41ff-8848-649fc5ce2f1b HTTP/1.1" 200 13 "-" "PostmanRuntime/7.43.4"
::1 - - [14/May/2025:15:53:57 +0000] "GET /api/books HTTP/1.1" 200 2 "-" "PostmanRuntime/7.43.4"
::1 - - [14/May/2025:15:54:11 +0000] "POST /api/books HTTP/1.1" 200 141 "-" "PostmanRuntime/7.43.4"
::1 - - [14/May/2025:15:54:32 +0000] "PUT /api/books/pickup?id=e1ba05a7-ae0e-4d05-ba65-8324d6114709 HTTP/1.1" 200 14 "-" "PostmanRuntime/7.43.4"
::1 - - [14/May/2025:15:54:39 +0000] "GET /api/books HTTP/1.1" 200 142 "-" "PostmanRuntime/7.43.4"
::1 - - [14/May/2025:15:54:58 +0000] "GET /api/books/genre?genre=adventure HTTP/1.1" 200 65 "-" "PostmanRuntime/7.43.4"
::1 - - [14/May/2025:15:55:29 +0000] "PUT /api/books/return?id=e1ba05a7-ae0e-4d05-ba65-8324d6114709 HTTP/1.1" 200 13 "-" "PostmanRuntime/7.43.4"
::1 - - [14/May/2025:15:55:36 +0000] "GET /api/books HTTP/1.1" 200 186 "-" "PostmanRuntime/7.43.4"
::1 - - [14/May/2025:17:20:24 +0000] "POST /api/books HTTP/1.1" 200 141 "-" "PostmanRuntime/7.43.4"
::1 - - [14/May/2025:17:21:07 +0000] "POST /api/books HTTP/1.1" 200 144 "-" "PostmanRuntime/7.43.4"
::1 - - [14/May/2025:17:21:12 +0000] "POST /api/books HTTP/1.1" 400 - "-" "PostmanRuntime/7.43.4"
::1 - - [14/May/2025:17:21:19 +0000] "POST /api/books HTTP/1.1" 200 144 "-" "PostmanRuntime/7.43.4"
::1 - - [14/May/2025:17:21:56 +0000] "POST /api/books HTTP/1.1" 200 137 "-" "PostmanRuntime/7.43.4"
::1 - - [14/May/2025:17:23:47 +0000] "PUT /api/books/pickup?id=91d47ac3-ebe7-41cc-af75-e73a3850c1f0 HTTP/1.1" 200 14 "-" "PostmanRuntime/7.43.4"
::1 - - [14/May/2025:17:24:00 +0000] "GET /api/books HTTP/1.1" 200 734 "-" "PostmanRuntime/7.43.4"
::1 - - [14/May/2025:17:24:22 +0000] "PUT /api/books/return?id=91d47ac3-ebe7-41cc-af75-e73a3850c1f0 HTTP/1.1" 200 13 "-" "PostmanRuntime/7.43.4"
::1 - - [14/May/2025:17:24:30 +0000] "GET /api/books HTTP/1.1" 200 811 "-" "PostmanRuntime/7.43.4"
::1 - - [14/May/2025:17:26:29 +0000] "GET /api/books/genre?genre=dystopia HTTP/1.1" 200 61 "-" "PostmanRuntime/7.43.4"
::1 - - [14/May/2025:17:28:46 +0000] "POST /api/books HTTP/1.1" 200 151 "-" "PostmanRuntime/7.43.4"
::1 - - [14/May/2025:17:29:27 +0000] "POST /api/books HTTP/1.1" 200 144 "-" "PostmanRuntime/7.43.4"
::1 - - [14/May/2025:17:29:52 +0000] "PUT /api/books/pickup?id=3302f299-7bc9-4a8f-befa-d4f26353a5ea HTTP/1.1" 200 14 "-" "PostmanRuntime/7.43.4"
::1 - - [14/May/2025:17:30:02 +0000] "GET /api/books/genre?genre=dystopia HTTP/1.1" 200 202 "-" "PostmanRuntime/7.43.4"
::1 - - [14/May/2025:17:54:26 +0000] "GET /api/books/genre/status?genre=dystopia&status=on_hand HTTP/1.1" 200 186 "-" "PostmanRuntime/7.43.4"
::1 - - [14/May/2025:17:55:53 +0000] "GET /api/books/genre/status?genre=dystopia&status=on_stock HTTP/1.1" 200 449 "-" "PostmanRuntime/7.43.4"
::1 - - [18/May/2025:17:48:33 +0000] "POST /api/books HTTP/1.1" 200 144 "-" "PostmanRuntime/7.43.4"
::1 - - [18/May/2025:17:49:06 +0000] "GET /api/books HTTP/1.1" 200 1375 "-" "PostmanRuntime/7.43.4"
::1 - - [18/May/2025:17:50:43 +0000] "GET /api/books HTTP/1.1" 200 8548 "-" "PostmanRuntime/7.43.4"
::1 - - [18/May/2025:17:51:33 +0000] "POST /api/books HTTP/1.1" 500 - "-" "PostmanRuntime/7.43.4"
::1 - - [18/May/2025:17:56:18 +0000] "POST /api/books HTTP/1.1" 200 144 "-" "PostmanRuntime/7.43.4"
::1 - - [18/May/2025:17:56:37 +0000] "GET /api/books HTTP/1.1" 200 9606 "-" "PostmanRuntime/7.43.4"
::1 - - [18/May/2025:18:00:34 +0000] "GET /api/books HTTP/1.1" 200 9606 "-" "PostmanRuntime/7.43.4"
::1 - - [18/May/2025:18:01:40 +0000] "POST /api/books HTTP/1.1" 200 144 "-" "PostmanRuntime/7.43.4"
::1 - - [18/May/2025:18:01:50 +0000] "GET /api/books HTTP/1.1" 200 11245 "-" "PostmanRuntime/7.43.4"
::1 - - [21/May/2025:08:07:59 +0000] "GET /api/books HTTP/1.1" 500 - "-" "PostmanRuntime/7.43.4"
::1 - - [21/May/2025:08:08:20 +0000] "GET /api/books HTTP/1.1" 200 11245 "-" "PostmanRuntime/7.43.4"
::1 - - [21/May/2025:08:10:30 +0000] "GET /api/books HTTP/1.1" 200 239 "-" "PostmanRuntime/7.43.4"
::1 - - [21/May/2025:08:15:54 +0000] "GET /api/books/genre?genre=dystopia HTTP/1.1" 200 68 "-" "PostmanRuntime/7.43.4"
::1 - - [21/May/2025:08:17:27 +0000] "GET /api/books/genre/status?genre=dystopia&status=on_stock HTTP/1.1" 200 134 "-" "PostmanRuntime/7.43.4"
::1 - - [21/May/2025:08:27:27 +0000] "GET /api/books HTTP/1.1" 200 239 "-" "PostmanRuntime/7.43.4"
::1 - - [21/May/2025:08:30:55 +0000] "POST /api/books HTTP/1.1" 400 - "-" "PostmanRuntime/7.43.4"
::1 - - [21/May/2025:08:32:19 +0000] "POST /api/books HTTP/1.1" 200 152 "-" "PostmanRuntime/7.43.4"
::1 - - [21/May/2025:08:32:36 +0000] "GET /api/books HTTP/1.1" 200 380 "-" "PostmanRuntime/7.43.4"
::1 - - [21/May/2025:08:46:19 +0000] "PUT /api/books/pickup?id=234-rtty-12 HTTP/1.1" 400 - "-" "PostmanRuntime/7.43.4"
::1 - - [21/May/2025:08:47:04 +0000] "PUT /api/books/pickup?id=56fde492-ae35-4c7c-acdb-4c HTTP/1.1" 400 - "-" "PostmanRuntime/7.43.4"
::1 - - [21/May/2025:08:48:15 +0000] "PUT /api/books/pickup?id=56fde492-ae35-4c7c-acdb-4c HTTP/1.1" 200 14 "-" "PostmanRuntime/7.43.4"
::1 - - [21/May/2025:08:48:23 +0000] "GET /api/books HTTP/1.1" 200 379 "-" "PostmanRuntime/7.43.4"
::1 - - [21/May/2025:08:48:48 +0000] "PUT /api/books/pickup?id=56fde492-ae35-4c7c-acdb-4a HTTP/1.1" 200 14 "-" "PostmanRuntime/7.43.4"
::1 - - [21/May/2025:08:50:33 +0000] "PUT /api/books/pickup?id=56fde492-ae35-4c7c-acdb-4c HTTP/1.1" 200 14 "-" "PostmanRuntime/7.43.4"
::1 - - [21/May/2025:08:52:22 +0000] "PUT /api/books/pickup?id=56fde492-ae35-4c7c-acdb-4c HTTP/1.1" 400 - "-" "PostmanRuntime/7.43.4"
::1 - - [21/May/2025:08:53:00 +0000] "PUT /api/books/pickup?id=56fde492-ae35-4c7c-acdb-4 HTTP/1.1" 400 - "-" "PostmanRuntime/7.43.4"
::1 - - [21/May/2025:08:53:08 +0000] "PUT /api/books/pickup?id=56fde492-ae35-4c7c-acdb-4u HTTP/1.1" 404 - "-" "PostmanRuntime/7.43.4"
::1 - - [21/May/2025:08:53:16 +0000] "PUT /api/books/pickup?id=56fde492-ae35-4c7c-acdb-4c HTTP/1.1" 400 - "-" "PostmanRuntime/7.43.4"
::1 - - [21/May/2025:09:03:45 +0000] "PUT /api/books?id=56fde492-ae35-4c7c-acdb-4c HTTP/1.1" 404 148 "-" "PostmanRuntime/7.43.4"
::1 - - [21/May/2025:09:04:26 +0000] "DELETE /api/books/remove?id=56fde492-ae35-4c7c-acdb-4c HTTP/1.1" 200 74 "-" "PostmanRuntime/7.43.4"
::1 - - [21/May/2025:09:04:35 +0000] "GET /api/books HTTP/1.1" 200 239 "-" "PostmanRuntime/7.43.4"
::1 - - [21/May/2025:10:33:53 +0000] "PUT /api/books/return?id=8076908a-ec46-4f86-b1b9-c7 HTTP/1.1" 404 - "-" "PostmanRuntime/7.43.4"
::1 - - [21/May/2025:10:34:01 +0000] "GET /api/books HTTP/1.1" 200 202 "-" "PostmanRuntime/7.43.4"
::1 - - [21/May/2025:10:35:42 +0000] "DELETE /api/books/remove?id=56fde492-ae35-4c7c-acdb-4c HTTP/1.1" 404 - "-" "PostmanRuntime/7.43.4"
::1 - - [21/May/2025:10:38:31 +0000] "GET /api/books HTTP/1.1" 200 2 "-" "PostmanRuntime/7.43.4"
::1 - - [21/May/2025:10:38:37 +0000] "POST /api/books HTTP/1.1" 200 152 "-" "PostmanRuntime/7.43.4"
::1 - - [21/May/2025:10:39:31 +0000] "POST /api/books HTTP/1.1" 200 144 "-" "PostmanRuntime/7.43.4"
::1 - - [21/May/2025:10:40:00 +0000] "POST /api/books HTTP/1.1" 200 137 "-" "PostmanRuntime/7.43.4"
::1 - - [21/May/2025:10:40:41 +0000] "POST /api/books HTTP/1.1" 200 140 "-" "PostmanRuntime/7.43.4"
::1 - - [21/May/2025:10:40:45 +0000] "GET /api/books HTTP/1.1" 200 530 "-" "PostmanRuntime/7.43.4"
::1 - - [21/May/2025:10:41:03 +0000] "PUT /api/books/pickup?id=dc4e173a-64e6-410c-a81b-34 HTTP/1.1" 200 14 "-" "PostmanRuntime/7.43.4"
::1 - - [21/May/2025:10:41:09 +0000] "GET /api/books HTTP/1.1" 200 529 "-" "PostmanRuntime/7.43.4"
::1 - - [21/May/2025:10:41:41 +0000] "PUT /api/books/return?id=dc4e173a-64e6-410c-a81b-34 HTTP/1.1" 200 13 "-" "PostmanRuntime/7.43.4"
::1 - - [21/May/2025:10:41:47 +0000] "GET /api/books HTTP/1.1" 200 529 "-" "PostmanRuntime/7.43.4"
::1 - - [21/May/2025:10:41:53 +0000] "GET /api/books HTTP/1.1" 200 529 "-" "PostmanRuntime/7.43.4"
::1 - - [21/May/2025:10:43:56 +0000] "PUT /api/books/return?id=dc4e173a-64e6-410c-a81b-34 HTTP/1.1" 400 - "-" "PostmanRuntime/7.43.4"
::1 - - [21/May/2025:10:53:26 +0000] "PUT /api/books/return?id=dc4e173a-64e6-410c-a81b-34 HTTP/1.1" 500 - "-" "PostmanRuntime/7.43.4"
::1 - - [21/May/2025:10:54:47 +0000] "PUT /api/books/return?id=dc4e173a-64e6-410c-a81b-34 HTTP/1.1" 500 - "-" "PostmanRuntime/7.43.4"
::1 - - [21/May/2025:10:55:45 +0000] "PUT /api/books/return?id=dc4e173a-64e6-410c-a81b-34 HTTP/1.1" 200 13 "-" "PostmanRuntime/7.43.4"
::1 - - [21/May/2025:10:56:08 +0000] "GET /api/books HTTP/1.1" 200 530 "-" "PostmanRuntime/7.43.4"
::1 - - [21/May/2025:11:11:53 +0000] "PUT /api/books/pickup?id=aeeb745a-433f-4de6-b90c-36 HTTP/1.1" 200 14 "-" "PostmanRuntime/7.43.4"
::1 - - [21/May/2025:11:11:59 +0000] "GET /api/books HTTP/1.1" 200 529 "-" "PostmanRuntime/7.43.4"
::1 - - [21/May/2025:11:12:17 +0000] "PUT /api/books/return?id=aeeb745a-433f-4de6-b90c-36 HTTP/1.1" 200 13 "-" "PostmanRuntime/7.43.4"
::1 - - [21/May/2025:11:12:24 +0000] "GET /api/books HTTP/1.1" 200 530 "-" "PostmanRuntime/7.43.4"
::1 - - [21/May/2025:11:35:38 +0000] "DELETE /api/books/remove?id=aeeb745a-433f-4de6-b90c-36 HTTP/1.1" 200 66 "-" "PostmanRuntime/7.43.4"
::1 - - [21/May/2025:11:37:15 +0000] "GET /api/books HTTP/1.1" 200 530 "-" "PostmanRuntime/7.43.4"
::1 - - [21/May/2025:11:42:02 +0000] "DELETE /api/books/remove?id=aeeb745a-433f-4de6-b90c-36 HTTP/1.1" 200 66 "-" "PostmanRuntime/7.43.4"
::1 - - [21/May/2025:11:42:35 +0000] "DELETE /api/books/remove?id=aeeb745a-433f-4de6-b90c-36 HTTP/1.1" 200 66 "-" "PostmanRuntime/7.43.4"
::1 - - [21/May/2025:11:42:45 +0000] "GET /api/books HTTP/1.1" 200 397 "-" "PostmanRuntime/7.43.4"
::1 - - [21/May/2025:11:52:17 +0000] "GET /api/books/book?id=ghjtf HTTP/1.1" 404 - "-" "PostmanRuntime/7.43.4"
::1 - - [21/May/2025:11:53:01 +0000] "GET /api/books/book?id=dc4e173a-64e6-410c-a81b-34 HTTP/1.1" 200 197 "-" "PostmanRuntime/7.43.4"
::1 - - [21/May/2025:15:19:15 +0000] "GET /api/books HTTP/1.1" 200 13386 "-" "PostmanRuntime/7.43.4"
::1 - - [21/May/2025:15:44:42 +0000] "PUT /api/books/pickup?id=dc4e173a-64e6-410c-a81b-34 HTTP/1.1" 200 14 "-" "PostmanRuntime/7.43.4"
::1 - - [21/May/2025:15:44:48 +0000] "GET /api/books HTTP/1.1" 200 396 "-" "PostmanRuntime/7.43.4"
::1 - - [21/May/2025:15:45:26 +0000] "PUT /api/books/return?id=dc4e173a-64e6-410c-a81b-34 HTTP/1.1" 200 13 "-" "PostmanRuntime/7.43.4"
::1 - - [21/May/2025:15:45:53 +0000] "GET /api/books/book?id=dc4e173a-64e6-410c-a81b-34 HTTP/1.1" 200 240 "-" "PostmanRuntime/7.43.4"
::1 - - [21/May/2025:15:49:58 +0000] "DELETE /api/books/remove?id=dc4e173a-64e6-410c-a81b-34 HTTP/1.1" 200 74 "-" "PostmanRuntime/7.43.4"
::1 - - [21/May/2025:15:52:25 +0000] "DELETE /api/books/remove?id=dc4e173a-64e6-410c-a81b-34 HTTP/1.1" 200 74 "-" "PostmanRuntime/7.43.4"
::1 - - [25/May/2025:05:53:39 +0000] "POST /accounts/account HTTP/1.1" 500 - "-" "PostmanRuntime/7.44.0"
::1 - - [25/May/2025:05:54:03 +0000] "POST /accounts/account HTTP/1.1" 500 - "-" "PostmanRuntime/7.44.0"
::1 - - [25/May/2025:05:55:31 +0000] "POST /accounts/account HTTP/1.1" 500 - "-" "PostmanRuntime/7.44.0"
::1 - - [25/May/2025:05:57:04 +0000] "POST /accounts/account HTTP/1.1" 500 - "-" "PostmanRuntime/7.44.0"
::1 - - [25/May/2025:05:58:00 +0000] "POST /accounts/account HTTP/1.1" 500 - "-" "PostmanRuntime/7.44.0"
::1 - - [25/May/2025:05:59:07 +0000] "POST /accounts/account HTTP/1.1" 500 - "-" "PostmanRuntime/7.44.0"
::1 - - [25/May/2025:06:02:58 +0000] "POST /accounts/account HTTP/1.1" 500 - "-" "PostmanRuntime/7.44.0"
::1 - - [25/May/2025:06:09:24 +0000] "POST /api/books HTTP/1.1" 500 - "-" "PostmanRuntime/7.44.0"
::1 - - [25/May/2025:06:10:48 +0000] "POST /api/books HTTP/1.1" 200 151 "-" "PostmanRuntime/7.44.0"
::1 - - [25/May/2025:06:10:58 +0000] "GET /api/books HTTP/1.1" 200 1568 "-" "PostmanRuntime/7.44.0"
::1 - - [25/May/2025:06:14:07 +0000] "POST /accounts HTTP/1.1" 400 - "-" "PostmanRuntime/7.44.0"
::1 - - [25/May/2025:06:15:00 +0000] "POST /accounts HTTP/1.1" 400 - "-" "PostmanRuntime/7.44.0"
::1 - - [25/May/2025:06:15:30 +0000] "POST /accounts HTTP/1.1" 500 - "-" "PostmanRuntime/7.44.0"
::1 - - [25/May/2025:06:33:42 +0000] "POST /accounts HTTP/1.1" 500 - "-" "PostmanRuntime/7.44.0"
::1 - - [25/May/2025:06:34:40 +0000] "POST /accounts HTTP/1.1" 201 - "-" "PostmanRuntime/7.44.0"
::1 - - [25/May/2025:06:37:26 +0000] "POST /accounts HTTP/1.1" 201 - "-" "PostmanRuntime/7.44.0"
::1 - - [25/May/2025:06:39:08 +0000] "POST /accounts HTTP/1.1" 201 - "-" "PostmanRuntime/7.44.0"
::1 - - [25/May/2025:06:43:10 +0000] "POST /accounts HTTP/1.1" 201 - "-" "PostmanRuntime/7.44.0"
::1 - - [25/May/2025:06:44:42 +0000] "POST /accounts HTTP/1.1" 201 - "-" "PostmanRuntime/7.44.0"
::1 - - [25/May/2025:06:45:26 +0000] "POST /accounts HTTP/1.1" 201 - "-" "PostmanRuntime/7.44.0"
::1 - - [25/May/2025:06:47:19 +0000] "POST /accounts HTTP/1.1" 201 - "-" "PostmanRuntime/7.44.0"
::1 - - [25/May/2025:06:49:05 +0000] "POST /accounts HTTP/1.1" 201 - "-" "PostmanRuntime/7.44.0"
::1 - - [25/May/2025:06:49:46 +0000] "POST /accounts HTTP/1.1" 201 - "-" "PostmanRuntime/7.44.0"
::1 - - [25/May/2025:06:55:56 +0000] "POST /accounts HTTP/1.1" 201 - "-" "PostmanRuntime/7.44.0"
::1 - - [25/May/2025:06:56:35 +0000] "POST /accounts HTTP/1.1" 404 - "-" "PostmanRuntime/7.44.0"
::1 - - [25/May/2025:06:57:09 +0000] "POST /accounts HTTP/1.1" 409 - "-" "PostmanRuntime/7.44.0"
::1 - - [25/May/2025:07:22:13 +0000] "POST /accounts/ HTTP/1.1" 500 - "-" "PostmanRuntime/7.44.0"
::1 - - [25/May/2025:07:22:46 +0000] "GET /accounts/account/Draconus HTTP/1.1" - - "-" "PostmanRuntime/7.44.0"
::1 - - [25/May/2025:07:23:50 +0000] "GET /accounts/account/Draconus HTTP/1.1" - - "-" "PostmanRuntime/7.44.0"
::1 - - [25/May/2025:07:27:00 +0000] "GET /accounts/account/Draconus HTTP/1.1" - - "-" "PostmanRuntime/7.44.0"
::1 - - [25/May/2025:07:29:44 +0000] "GET /accounts/account/Draconus HTTP/1.1" 200 - "-" "PostmanRuntime/7.44.0"
::1 - - [25/May/2025:07:30:23 +0000] "GET /accounts/account/Draconus HTTP/1.1" 200 - "-" "PostmanRuntime/7.44.0"
::1 - - [25/May/2025:07:30:57 +0000] "GET /accounts/account/Draconus HTTP/1.1" 200 182 "-" "PostmanRuntime/7.44.0"
::1 - - [25/May/2025:07:35:51 +0000] "GET /accounts/account/Draconus HTTP/1.1" 200 149 "-" "PostmanRuntime/7.44.0"
::1 - - [25/May/2025:07:36:54 +0000] "GET /accounts/account/Draconus HTTP/1.1" 200 149 "-" "PostmanRuntime/7.44.0"
::1 - - [25/May/2025:07:38:36 +0000] "POST /accounts HTTP/1.1" 201 - "-" "PostmanRuntime/7.44.0"
::1 - - [25/May/2025:07:45:27 +0000] "DELETE /accounts/account/Draconus HTTP/1.1" 200 182 "-" "PostmanRuntime/7.44.0"
::1 - - [25/May/2025:07:52:47 +0000] "POST /accounts HTTP/1.1" 400 - "-" "PostmanRuntime/7.44.0"
::1 - - [25/May/2025:14:46:03 +0000] "PUT /accounts HTTP/1.1" 400 - "-" "PostmanRuntime/7.44.0"
::1 - - [25/May/2025:14:46:38 +0000] "PUT /accounts HTTP/1.1" 400 - "-" "PostmanRuntime/7.44.0"
::1 - - [25/May/2025:14:47:06 +0000] "PUT /accounts HTTP/1.1" 200 - "-" "PostmanRuntime/7.44.0"
::1 - catAdi [25/May/2025:14:48:37 +0000] "GET /accounts/account/Draconus HTTP/1.1" 200 149 "-" "PostmanRuntime/7.44.0"
::1 - catAdi [25/May/2025:14:49:02 +0000] "GET /accounts/account/catAdi HTTP/1.1" 200 143 "-" "PostmanRuntime/7.44.0"
::1 - - [25/May/2025:17:10:54 +0000] "POST /accounts HTTP/1.1" 201 - "-" "PostmanRuntime/7.44.0"
::1 - - [25/May/2025:17:11:34 +0000] "GET /accounts/account/Trinity HTTP/1.1" 200 149 "-" "PostmanRuntime/7.44.0"
::1 - catAdi [25/May/2025:17:13:17 +0000] "GET /accounts/account/Trinity HTTP/1.1" 200 149 "-" "PostmanRuntime/7.44.0"
::1 - catAdi [25/May/2025:17:19:39 +0000] "GET /accounts/account/Trinity HTTP/1.1" 200 149 "-" "PostmanRuntime/7.44.0"
::1 - Trinity [25/May/2025:17:20:29 +0000] "GET /accounts/account/Trinity HTTP/1.1" 200 149 "-" "PostmanRuntime/7.44.0"
::1 - - [25/May/2025:17:38:04 +0000] "POST /accounts HTTP/1.1" 201 - "-" "PostmanRuntime/7.44.0"
::1 - Trinity [25/May/2025:17:39:20 +0000] "GET /accounts/account/Trinity HTTP/1.1" 200 149 "-" "PostmanRuntime/7.44.0"
::1 - Trinity [25/May/2025:17:47:27 +0000] "GET /accounts/account/Trinity HTTP/1.1" 200 149 "-" "PostmanRuntime/7.44.0"
::1 - Trinity [25/May/2025:17:48:21 +0000] "GET /accounts/account/Trinity HTTP/1.1" 403 - "-" "PostmanRuntime/7.44.0"
::1 - Trinity [25/May/2025:18:07:41 +0000] "PUT /accounts HTTP/1.1" 409 - "-" "PostmanRuntime/7.44.0"
::1 - - [28/May/2025:15:19:58 +0000] "POST /accounts HTTP/1.1" 201 - "-" "PostmanRuntime/7.44.0"
::1 - John Snow [28/May/2025:15:30:40 +0000] "PUT /accounts HTTP/1.1" 409 - "-" "PostmanRuntime/7.44.0"
::1 - - [28/May/2025:16:11:27 +0000] "POST /accounts HTTP/1.1" 201 - "-" "PostmanRuntime/7.44.0"
::1 - Trinity [28/May/2025:16:27:54 +0000] "GET /accounts/account/Robinson%20Cruzo HTTP/1.1" 200 155 "-" "PostmanRuntime/7.44.0"
::1 - - [28/May/2025:16:54:01 +0000] "GET /api/books HTTP/1.1" 200 1568 "-" "PostmanRuntime/7.44.0"
::1 - John Snow [28/May/2025:16:55:48 +0000] "GET /api/books/genre?genre=dystopia HTTP/1.1" 200 269 "-" "PostmanRuntime/7.44.0"
::1 - John Snow [28/May/2025:16:56:54 +0000] "GET /api/books/genre/status?genre=dystopia&status=on_stock HTTP/1.1" 200 635 "-" "PostmanRuntime/7.44.0"
::1 - - [28/May/2025:17:06:29 +0000] "POST /accounts HTTP/1.1" 201 - "-" "PostmanRuntime/7.44.0"
::1 - konspirin [28/May/2025:17:08:06 +0000] "DELETE /accounts/account/Racoon%20Rocket HTTP/1.1" 200 204 "-" "PostmanRuntime/7.44.0"
::1 - konspirin [28/May/2025:17:34:36 +0000] "PUT /accounts/roles?userName=Trinity HTTP/1.1" 404 153 "-" "PostmanRuntime/7.44.0"
::1 - konspirin [28/May/2025:17:35:45 +0000] "PUT /accounts/roles?userName=Trinity HTTP/1.1" 404 153 "-" "PostmanRuntime/7.44.0"
::1 - konspirin [28/May/2025:17:36:24 +0000] "PUT /accounts/roles?userName=Trinity HTTP/1.1" 404 153 "-" "PostmanRuntime/7.44.0"
::1 - konspirin [28/May/2025:17:38:36 +0000] "PUT /accounts/roles?userName=Trinity HTTP/1.1" 404 153 "-" "PostmanRuntime/7.44.0"
::1 - konspirin [28/May/2025:17:44:40 +0000] "PUT /accounts/roles?userName=Trinity HTTP/1.1" 404 153 "-" "PostmanRuntime/7.44.0"
::1 - konspirin [28/May/2025:17:47:24 +0000] "PUT /accounts/roles?userName=Trinity HTTP/1.1" - - "-" "PostmanRuntime/7.44.0"
::1 - konspirin [28/May/2025:17:48:10 +0000] "PUT /accounts/roles?userName=Trinity HTTP/1.1" - - "-" "PostmanRuntime/7.44.0"
::1 - konspirin [28/May/2025:17:50:45 +0000] "PUT /accounts/roles?userName=Trinity HTTP/1.1" - - "-" "PostmanRuntime/7.44.0"
::1 - konspirin [28/May/2025:17:53:32 +0000] "PUT /accounts/roles?userName=Trinity HTTP/1.1" 500 - "-" "PostmanRuntime/7.44.0"
::1 - konspirin [28/May/2025:17:54:26 +0000] "PUT /accounts/roles?userName=Trinity HTTP/1.1" 500 - "-" "PostmanRuntime/7.44.0"
::1 - konspirin [28/May/2025:17:55:50 +0000] "PUT /accounts/roles?userName=Trinity HTTP/1.1" - - "-" "PostmanRuntime/7.44.0"
::1 - konspirin [28/May/2025:17:59:57 +0000] "PUT /accounts/roles?userName=Trinity HTTP/1.1" - - "-" "PostmanRuntime/7.44.0"
::1 - Trinity [28/May/2025:18:00:09 +0000] "GET /accounts/account/Robinson%20Cruzo HTTP/1.1" 200 155 "-" "PostmanRuntime/7.44.0"
::1 - Trinity [28/May/2025:18:07:30 +0000] "GET /accounts/account/Robinson%20Cruzo HTTP/1.1" 200 155 "-" "PostmanRuntime/7.44.0"
::1 - konspirin [28/May/2025:18:08:15 +0000] "PUT /accounts/roles?userName=Trinity HTTP/1.1" - - "-" "PostmanRuntime/7.44.0"
::1 - John Snow [28/May/2025:18:12:06 +0000] "PUT /accounts HTTP/1.1" 409 - "-" "PostmanRuntime/7.44.0"
::1 - John Snow [28/May/2025:18:13:32 +0000] "PUT /accounts HTTP/1.1" 200 - "-" "PostmanRuntime/7.44.0"
::1 - Trinity [28/May/2025:18:13:54 +0000] "GET /accounts/account/Trinity HTTP/1.1" 200 144 "-" "PostmanRuntime/7.44.0"
::1 - konspirin [28/May/2025:18:16:32 +0000] "PUT /accounts/roles?userName=Trinity HTTP/1.1" - - "-" "PostmanRuntime/7.44.0"
::1 - konspirin [28/May/2025:18:23:10 +0000] "PUT /accounts/roles?userName=Trinity HTTP/1.1" - - "-" "PostmanRuntime/7.44.0"
::1 - konspirin [28/May/2025:18:24:20 +0000] "PUT /accounts/roles?userName=Trinity HTTP/1.1" - - "-" "PostmanRuntime/7.44.0"
::1 - Trinity [28/May/2025:18:24:29 +0000] "GET /accounts/account/Trinity HTTP/1.1" 200 144 "-" "PostmanRuntime/7.44.0"
::1 - John Snow [28/May/2025:18:24:53 +0000] "PUT /accounts HTTP/1.1" 200 - "-" "PostmanRuntime/7.44.0"
::1 - konspirin [28/May/2025:18:25:26 +0000] "DELETE /accounts/account/Trinity HTTP/1.1" 200 194 "-" "PostmanRuntime/7.44.0"
::1 - - [28/May/2025:18:26:19 +0000] "POST /accounts HTTP/1.1" 201 - "-" "PostmanRuntime/7.44.0"
::1 - Trinity [28/May/2025:18:26:32 +0000] "GET /accounts/account/Trinity HTTP/1.1" 200 149 "-" "PostmanRuntime/7.44.0"
::1 - konspirin [28/May/2025:18:30:00 +0000] "PUT /accounts/roles?userName=Trinity HTTP/1.1" - - "-" "PostmanRuntime/7.44.0"
::1 - konspirin [28/May/2025:18:32:28 +0000] "PUT /accounts/roles?userName=Trinity HTTP/1.1" - - "-" "PostmanRuntime/7.44.0"
::1 - konspirin [28/May/2025:18:40:51 +0000] "PUT /accounts/roles?userName=Trinity HTTP/1.1" - - "-" "PostmanRuntime/7.44.0"
::1 - konspirin [28/May/2025:18:44:55 +0000] "PUT /accounts/roles?userName=Trinity HTTP/1.1" 200 219 "-" "PostmanRuntime/7.44.0"
::1 - konspirin [28/May/2025:18:45:24 +0000] "PUT /accounts/roles?userName=Trinity HTTP/1.1" 200 211 "-" "PostmanRuntime/7.44.0"
::1 - Trinity [04/Jun/2025:08:00:04 +0000] "POST /api/books HTTP/1.1" 200 146 "-" "PostmanRuntime/7.44.0"
::1 - - [04/Jun/2025:08:02:33 +0000] "GET /api/books HTTP/1.1" 200 1780 "-" "PostmanRuntime/7.44.0"
::1 - Trinity [04/Jun/2025:08:04:11 +0000] "PUT /api/books/pickup?id=7aa3d479-8961-4e82-a725-5ae91b83c3d4 HTTP/1.1" 400 - "-" "PostmanRuntime/7.44.0"
::1 - Trinity [04/Jun/2025:08:06:43 +0000] "PUT /api/books/pickup?id=ab0779f1-01d9-409d-b3f7-5a83c7017b00 HTTP/1.1" 400 - "-" "PostmanRuntime/7.44.0"
::1 - Trinity [04/Jun/2025:08:07:55 +0000] "PUT /api/books/pickup?id=ab0779f1-01d9-409d-b3f7-5a83c7017b00 HTTP/1.1" 200 14 "-" "PostmanRuntime/7.44.0"
::1 - - [04/Jun/2025:08:08:01 +0000] "GET /api/books HTTP/1.1" 200 1859 "-" "PostmanRuntime/7.44.0"
::1 - - [04/Jun/2025:08:08:37 +0000] "GET /api/books HTTP/1.1" 200 1859 "-" "PostmanRuntime/7.44.0"
::1 - Trinity [04/Jun/2025:08:11:31 +0000] "POST /api/books HTTP/1.1" 200 141 "-" "PostmanRuntime/7.44.0"
::1 - Trinity [04/Jun/2025:08:11:55 +0000] "PUT /api/books/pickup?id=7b51812c-2671-4db6-94b1-2e24660c34d8 HTTP/1.1" 200 14 "-" "PostmanRuntime/7.44.0"
::1 - - [04/Jun/2025:08:12:29 +0000] "GET /api/books HTTP/1.1" 200 2121 "-" "PostmanRuntime/7.44.0"
::1 - Trinity [04/Jun/2025:08:13:18 +0000] "PUT /api/books/return?id=7b51812c-2671-4db6-94b1-2e24660c34d8 HTTP/1.1" 200 13 "-" "PostmanRuntime/7.44.0"
::1 - - [04/Jun/2025:08:13:25 +0000] "GET /api/books HTTP/1.1" 200 2122 "-" "PostmanRuntime/7.44.0"
::1 - Trinity [04/Jun/2025:08:20:06 +0000] "POST /api/books HTTP/1.1" 200 141 "-" "PostmanRuntime/7.44.0"
::1 - Trinity [04/Jun/2025:08:20:25 +0000] "PUT /api/books/pickup?id=749338b3-b497-4724-99e4-121cf848a2a1 HTTP/1.1" 200 14 "-" "PostmanRuntime/7.44.0"
::1 - Trinity [04/Jun/2025:08:20:35 +0000] "PUT /api/books/return?id=749338b3-b497-4724-99e4-121cf848a2a1 HTTP/1.1" 200 13 "-" "PostmanRuntime/7.44.0"
::1 - - [04/Jun/2025:08:20:48 +0000] "GET /api/books HTTP/1.1" 200 2122 "-" "PostmanRuntime/7.44.0"
::1 - Trinity [04/Jun/2025:08:24:49 +0000] "POST /api/books HTTP/1.1" 200 141 "-" "PostmanRuntime/7.44.0"
::1 - Trinity [04/Jun/2025:08:25:41 +0000] "PUT /api/books/pickup?id=8e2f8ea0-d13b-4ab8-948e-aeff558dbb62 HTTP/1.1" 200 14 "-" "PostmanRuntime/7.44.0"
::1 - Trinity [04/Jun/2025:08:27:31 +0000] "POST /api/books HTTP/1.1" 200 141 "-" "PostmanRuntime/7.44.0"
::1 - Trinity [04/Jun/2025:08:29:41 +0000] "POST /api/books HTTP/1.1" 200 141 "-" "PostmanRuntime/7.44.0"
::1 - Trinity [04/Jun/2025:08:30:02 +0000] "PUT /api/books/pickup?id=61d85d30-92f5-4767-a704-baaa53e8f357 HTTP/1.1" 200 14 "-" "PostmanRuntime/7.44.0"
::1 - - [04/Jun/2025:08:30:11 +0000] "GET /api/books HTTP/1.1" 200 2139 "-" "PostmanRuntime/7.44.0"
::1 - Trinity [04/Jun/2025:08:30:26 +0000] "PUT /api/books/return?id=61d85d30-92f5-4767-a704-baaa53e8f357 HTTP/1.1" 200 13 "-" "PostmanRuntime/7.44.0"
::1 - - [04/Jun/2025:08:30:30 +0000] "GET /api/books HTTP/1.1" 200 2153 "-" "PostmanRuntime/7.44.0"
::1 - Trinity [04/Jun/2025:08:50:35 +0000] "GET /api/books/reader?title=Tom%20Soier HTTP/1.1" 200 2 "-" "PostmanRuntime/7.44.0"
::1 - Trinity [04/Jun/2025:08:50:55 +0000] "PUT /api/books/pickup?id=61d85d30-92f5-4767-a704-baaa53e8f357 HTTP/1.1" 200 14 "-" "PostmanRuntime/7.44.0"
::1 - Trinity [04/Jun/2025:08:51:02 +0000] "GET /api/books/reader?title=Tom%20Soier HTTP/1.1" 200 2 "-" "PostmanRuntime/7.44.0"
::1 - Trinity [04/Jun/2025:08:52:57 +0000] "GET /api/books/reader?title=Tom%20Soier HTTP/1.1" 200 2 "-" "PostmanRuntime/7.44.0"
::1 - Trinity [04/Jun/2025:08:55:33 +0000] "GET /api/books/reader?title=Tom%20Soier HTTP/1.1" 200 2 "-" "PostmanRuntime/7.44.0"
::1 - - [04/Jun/2025:08:55:40 +0000] "GET /api/books HTTP/1.1" 200 2251 "-" "PostmanRuntime/7.44.0"
::1 - Trinity [04/Jun/2025:09:00:21 +0000] "GET /api/books/reader?title=Tom%20Soier HTTP/1.1" 200 2 "-" "PostmanRuntime/7.44.0"
::1 - Trinity [04/Jun/2025:09:01:30 +0000] "GET /api/books/reader?title=Tom%20Soier HTTP/1.1" 200 2 "-" "PostmanRuntime/7.44.0"
::1 - Trinity [04/Jun/2025:09:02:58 +0000] "GET /api/books/reader?title=Tom%20Soier HTTP/1.1" 200 25 "-" "PostmanRuntime/7.44.0"
::1 - Trinity [04/Jun/2025:09:07:23 +0000] "GET /api/books/reader?title=Tom%20Soier HTTP/1.1" 500 - "-" "PostmanRuntime/7.44.0"
::1 - Trinity [04/Jun/2025:09:07:44 +0000] "GET /api/books/reader?title=Tom%20Soier HTTP/1.1" 200 13 "-" "PostmanRuntime/7.44.0"
::1 - Trinity [04/Jun/2025:09:08:11 +0000] "POST /api/books HTTP/1.1" 200 141 "-" "PostmanRuntime/7.44.0"
::1 - Trinity [04/Jun/2025:09:09:03 +0000] "PUT /api/books/pickup?id=ca790cc2-e680-4e88-b44b-173d799a74dc HTTP/1.1" 200 14 "-" "PostmanRuntime/7.44.0"
::1 - Trinity [04/Jun/2025:09:09:09 +0000] "GET /api/books/reader?title=Tom%20Soier HTTP/1.1" 200 27 "-" "PostmanRuntime/7.44.0"
::1 - John Snow [04/Jun/2025:10:37:43 +0000] "GET /api/books/genre?genre=dystopia HTTP/1.1" 200 269 "-" "PostmanRuntime/7.44.0"
::1 - John Snow [04/Jun/2025:10:37:46 +0000] "GET /api/books/genre?genre=dystopia HTTP/1.1" 200 269 "-" "PostmanRuntime/7.44.0"
::1 - John Snow [04/Jun/2025:10:46:13 +0000] "GET /api/books/genre?genre=dystopia HTTP/1.1" 200 269 "-" "PostmanRuntime/7.44.0"
::1 - John Snow [04/Jun/2025:10:46:16 +0000] "GET /api/books/genre?genre=dystopia HTTP/1.1" 200 269 "-" "PostmanRuntime/7.44.0"
::1 - John Snow [04/Jun/2025:10:46:17 +0000] "GET /api/books/genre?genre=dystopia HTTP/1.1" 403 - "-" "PostmanRuntime/7.44.0"
::1 - John Snow [04/Jun/2025:10:59:34 +0000] "GET /api/books/genre?genre=dystopia HTTP/1.1" 200 269 "-" "PostmanRuntime/7.44.0"
::1 - John Snow [04/Jun/2025:10:59:36 +0000] "GET /api/books/genre?genre=dystopia HTTP/1.1" 200 269 "-" "PostmanRuntime/7.44.0"
::1 - John Snow [04/Jun/2025:10:59:38 +0000] "GET /api/books/genre?genre=dystopia HTTP/1.1" 200 269 "-" "PostmanRuntime/7.44.0"
::1 - John Snow [04/Jun/2025:11:14:08 +0000] "GET /api/books/genre?genre=dystopia HTTP/1.1" 200 269 "-" "PostmanRuntime/7.44.0"
::1 - John Snow [04/Jun/2025:11:14:10 +0000] "GET /api/books/genre?genre=dystopia HTTP/1.1" 200 269 "-" "PostmanRuntime/7.44.0"
::1 - John Snow [04/Jun/2025:11:14:11 +0000] "GET /api/books/genre?genre=dystopia HTTP/1.1" 200 269 "-" "PostmanRuntime/7.44.0"
::1 - John Snow [04/Jun/2025:11:15:50 +0000] "GET /api/books/genre?genre=dystopia HTTP/1.1" 200 269 "-" "PostmanRuntime/7.44.0"
::1 - John Snow [04/Jun/2025:11:15:52 +0000] "GET /api/books/genre?genre=dystopia HTTP/1.1" 200 269 "-" "PostmanRuntime/7.44.0"
::1 - John Snow [04/Jun/2025:11:15:53 +0000] "GET /api/books/genre?genre=dystopia HTTP/1.1" 200 269 "-" "PostmanRuntime/7.44.0"
::1 - Trinity [04/Jun/2025:11:16:12 +0000] "GET /api/books/genre?genre=dystopia HTTP/1.1" 200 269 "-" "PostmanRuntime/7.44.0"
::1 - Trinity [04/Jun/2025:11:16:14 +0000] "GET /api/books/genre?genre=dystopia HTTP/1.1" 200 269 "-" "PostmanRuntime/7.44.0"
::1 - Trinity [04/Jun/2025:11:16:15 +0000] "GET /api/books/genre?genre=dystopia HTTP/1.1" 200 269 "-" "PostmanRuntime/7.44.0"
::1 - Trinity [04/Jun/2025:11:16:16 +0000] "GET /api/books/genre?genre=dystopia HTTP/1.1" 200 269 "-" "PostmanRuntime/7.44.0"
::1 - Trinity [04/Jun/2025:11:16:17 +0000] "GET /api/books/genre?genre=dystopia HTTP/1.1" 200 269 "-" "PostmanRuntime/7.44.0"
::1 - konspirin [04/Jun/2025:11:18:53 +0000] "GET /api/books/genre?genre=dystopia HTTP/1.1" 403 - "-" "PostmanRuntime/7.44.0"
::1 - konspirin@ [04/Jun/2025:11:19:03 +0000] "GET /api/books/genre?genre=dystopia HTTP/1.1" 401 - "-" "PostmanRuntime/7.44.0"
::1 - - [04/Jun/2025:15:36:50 +0000] "GET /api/books HTTP/1.1" 200 2533 "-" "PostmanRuntime/7.44.0"
::1 - John Snow [04/Jun/2025:15:38:36 +0000] "PUT /api/books/pickup?id=0e881996-760e-4a5f-b7f1-0723f463b8f6 HTTP/1.1" 403 - "-" "PostmanRuntime/7.44.0"
::1 - Trinity [04/Jun/2025:15:39:05 +0000] "PUT /api/books/pickup?id=0e881996-760e-4a5f-b7f1-0723f463b8f6 HTTP/1.1" 404 - "-" "PostmanRuntime/7.44.0"
::1 - Trinity [04/Jun/2025:15:39:27 +0000] "PUT /api/books/pickup?id=0e881996-760e-4a5f-b7f1-0723f463b8f6 HTTP/1.1" 200 14 "-" "PostmanRuntime/7.44.0"
::1 - - [04/Jun/2025:15:39:36 +0000] "GET /api/books HTTP/1.1" 200 2632 "-" "PostmanRuntime/7.44.0"
::1 - Trinity [04/Jun/2025:15:40:21 +0000] "PUT /api/books/return?id=0e881996-760e-4a5f-b7f1-0723f463b8f6 HTTP/1.1" 200 13 "-" "PostmanRuntime/7.44.0"
::1 - - [04/Jun/2025:15:40:42 +0000] "GET /api/books HTTP/1.1" 200 2646 "-" "PostmanRuntime/7.44.0"
::1 - - [04/Jun/2025:15:48:35 +0000] "GET /api/books HTTP/1.1" 200 2646 "-" "PostmanRuntime/7.44.0"
::1 - Trinity [04/Jun/2025:15:51:47 +0000] "POST /api/books HTTP/1.1" 200 134 "-" "PostmanRuntime/7.44.0"
::1 - Trinity [04/Jun/2025:15:51:53 +0000] "POST /api/books HTTP/1.1" 200 134 "-" "PostmanRuntime/7.44.0"
::1 - Trinity [04/Jun/2025:15:51:55 +0000] "POST /api/books HTTP/1.1" 200 134 "-" "PostmanRuntime/7.44.0"
::1 - - [04/Jun/2025:15:52:04 +0000] "GET /api/books HTTP/1.1" 200 3174 "-" "PostmanRuntime/7.44.0"
::1 - Trinity [04/Jun/2025:15:52:29 +0000] "PUT /api/books/pickup?id=24bd4b7c-79c0-4014-aad1-f6412eef4cd6 HTTP/1.1" 200 14 "-" "PostmanRuntime/7.44.0"
::1 - Trinity [04/Jun/2025:15:53:04 +0000] "PUT /api/books/pickup?id=9d9b5da7-a425-412c-97ec-559b84bd7fc3 HTTP/1.1" 200 14 "-" "PostmanRuntime/7.44.0"
::1 - Trinity [04/Jun/2025:15:53:38 +0000] "PUT /api/books/pickup?id=eaa5418d-0cd6-4e6b-aa0c-f3f370f01e19 HTTP/1.1" 200 14 "-" "PostmanRuntime/7.44.0"
::1 - Trinity [04/Jun/2025:15:54:11 +0000] "GET /api/books/reader?title=Snowman HTTP/1.1" 200 38 "-" "PostmanRuntime/7.44.0"
::1 - Trinity [04/Jun/2025:15:54:29 +0000] "GET /api/books/reader?title=Tom%20Soier HTTP/1.1" 200 27 "-" "PostmanRuntime/7.44.0"
::1 - Trinity [04/Jun/2025:15:55:13 +0000] "PUT /api/books/return?id=61d85d30-92f5-4767-a704-baaa53e8f357 HTTP/1.1" 200 13 "-" "PostmanRuntime/7.44.0"
::1 - Trinity [04/Jun/2025:15:55:42 +0000] "GET /api/books/reader?title=Tom%20Soier HTTP/1.1" 200 15 "-" "PostmanRuntime/7.44.0"
::1 - Villy Vonka [04/Jun/2025:16:11:30 +0000] "GET /api/books/genre?genre=dystopia HTTP/1.1" 200 269 "-" "PostmanRuntime/7.44.0"
::1 - Villy Vonka [04/Jun/2025:16:11:44 +0000] "GET /api/books/genre?genre=dystopia HTTP/1.1" 200 269 "-" "PostmanRuntime/7.44.0"
::1 - Villy Vonka [04/Jun/2025:16:11:46 +0000] "GET /api/books/genre?genre=dystopia HTTP/1.1" 200 269 "-" "PostmanRuntime/7.44.0"
::1 - Villy Vonka [04/Jun/2025:16:11:49 +0000] "GET /api/books/genre?genre=dystopia HTTP/1.1" 403 - "-" "PostmanRuntime/7.44.0"
::1 - Trinity [04/Jun/2025:16:12:21 +0000] "GET /api/books/genre?genre=dystopia HTTP/1.1" 200 269 "-" "PostmanRuntime/7.44.0"
::1 - Trinity [04/Jun/2025:16:12:23 +0000] "GET /api/books/genre?genre=dystopia HTTP/1.1" 200 269 "-" "PostmanRuntime/7.44.0"
::1 - Trinity [04/Jun/2025:16:12:25 +0000] "GET /api/books/genre?genre=dystopia HTTP/1.1" 200 269 "-" "PostmanRuntime/7.44.0"
::1 - Trinity [04/Jun/2025:16:12:26 +0000] "GET /api/books/genre?genre=dystopia HTTP/1.1" 200 269 "-" "PostmanRuntime/7.44.0"
::1 - Trinity [04/Jun/2025:16:12:28 +0000] "GET /api/books/genre?genre=dystopia HTTP/1.1" 200 269 "-" "PostmanRuntime/7.44.0"
::1 - Trinity [04/Jun/2025:16:12:30 +0000] "GET /api/books/genre?genre=dystopia HTTP/1.1" 200 269 "-" "PostmanRuntime/7.44.0"
::1 - Trinity [04/Jun/2025:16:12:31 +0000] "GET /api/books/genre?genre=dystopia HTTP/1.1" 200 269 "-" "PostmanRuntime/7.44.0"
::1 - Trinity [04/Jun/2025:16:12:32 +0000] "GET /api/books/genre?genre=dystopia HTTP/1.1" 200 269 "-" "PostmanRuntime/7.44.0"
::1 - konspirin [04/Jun/2025:16:12:54 +0000] "GET /api/books/genre?genre=dystopia HTTP/1.1" 403 - "-" "PostmanRuntime/7.44.0"
::1 - Villy Vonka [04/Jun/2025:16:13:50 +0000] "GET /api/books/genre?genre=dystopia HTTP/1.1" 403 - "-" "PostmanRuntime/7.44.0"
::1 - Villy Vonka [04/Jun/2025:16:17:28 +0000] "GET /api/books/genre?genre=dystopia HTTP/1.1" 403 - "-" "PostmanRuntime/7.44.0"
::1 - Villy Vonka [04/Jun/2025:16:21:33 +0000] "GET /api/books/genre?genre=dystopia HTTP/1.1" 200 269 "-" "PostmanRuntime/7.44.0"
::1 - Villy Vonka [04/Jun/2025:16:21:38 +0000] "GET /api/books/genre?genre=dystopia HTTP/1.1" 200 269 "-" "PostmanRuntime/7.44.0"
::1 - Villy Vonka [04/Jun/2025:16:21:39 +0000] "GET /api/books/genre?genre=dystopia HTTP/1.1" 200 269 "-" "PostmanRuntime/7.44.0"
::1 - Villy Vonka [04/Jun/2025:16:21:41 +0000] "GET /api/books/genre?genre=dystopia HTTP/1.1" 200 269 "-" "PostmanRuntime/7.44.0"
::1 - Villy Vonka [04/Jun/2025:16:21:43 +0000] "GET /api/books/genre?genre=dystopia HTTP/1.1" 200 269 "-" "PostmanRuntime/7.44.0"
::1 - Villy Vonka [04/Jun/2025:16:21:45 +0000] "GET /api/books/genre?genre=dystopia HTTP/1.1" 200 269 "-" "PostmanRuntime/7.44.0"
::1 - Villy Vonka [04/Jun/2025:16:21:46 +0000] "GET /api/books/genre?genre=dystopia HTTP/1.1" 200 269 "-" "PostmanRuntime/7.44.0"
::1 - Villy Vonka [04/Jun/2025:16:21:48 +0000] "GET /api/books/genre?genre=dystopia HTTP/1.1" 200 269 "-" "PostmanRuntime/7.44.0"
::1 - - [04/Jun/2025:17:26:43 +0000] "GET /api/books HTTP/1.1" 200 3480 "-" "PostmanRuntime/7.44.0"
::1 - Trinity [04/Jun/2025:17:27:16 +0000] "PUT /api/books/return?id=ca790cc2-e680-4e88-b44b-173d799a74dc HTTP/1.1" 200 13 "-" "PostmanRuntime/7.44.0"
::1 - - [08/Jun/2025:05:35:22 +0000] "GET /api/books HTTP/1.1" 200 3494 "-" "PostmanRuntime/7.44.0"
::1 - - [08/Jun/2025:05:37:21 +0000] "GET /api/books/readers?id=61d85d30-92f5-4767-a704-baaa53e8f357 HTTP/1.1" 401 - "-" "PostmanRuntime/7.44.0"
::1 - Trinity [08/Jun/2025:05:37:50 +0000] "GET /api/books/readers?id=61d85d30-92f5-4767-a704-baaa53e8f357 HTTP/1.1" 200 25 "-" "PostmanRuntime/7.44.0"
::1 - Trinity [08/Jun/2025:06:00:22 +0000] "GET /api/books/reader/books?readerId=John%20Snow HTTP/1.1" 200 2 "-" "PostmanRuntime/7.44.0"
::1 - Trinity [08/Jun/2025:06:04:04 +0000] "GET /api/books/reader/books?readerId=John%20Snow HTTP/1.1" 200 2 "-" "PostmanRuntime/7.44.0"
::1 - Trinity [08/Jun/2025:06:05:56 +0000] "GET /api/books/reader/books?readerId=John%20Snow HTTP/1.1" 200 189 "-" "PostmanRuntime/7.44.0"
::1 - - [08/Jun/2025:15:22:47 +0000] "GET /api/books HTTP/1.1" 200 3494 "-" "PostmanRuntime/7.44.0"
::1 - Trinity [08/Jun/2025:15:24:13 +0000] "PUT /api/books/pickup?id=61d85d30-92f5-4767-a704-baaa53e8f357 HTTP/1.1" 200 14 "-" "PostmanRuntime/7.44.0"
::1 - Trinity [08/Jun/2025:15:24:25 +0000] "PUT /api/books/return?id=61d85d30-92f5-4767-a704-baaa53e8f357 HTTP/1.1" 200 13 "-" "PostmanRuntime/7.44.0"
::1 - Trinity [08/Jun/2025:15:24:50 +0000] "GET /api/books/readers?id=61d85d30-92f5-4767-a704-baaa53e8f357 HTTP/1.1" 200 36 "-" "PostmanRuntime/7.44.0"
::1 - Trinity [08/Jun/2025:15:25:22 +0000] "GET /api/books/reader/books?readerId=John%20Snow HTTP/1.1" 401 - "-" "PostmanRuntime/7.44.0"
::1 - Trinity [08/Jun/2025:15:25:37 +0000] "GET /api/books/reader/books?readerId=John%20Snow HTTP/1.1" 200 189 "-" "PostmanRuntime/7.44.0"
::1 - Trinity [08/Jun/2025:15:26:02 +0000] "GET /api/books/reader/books?readerId=Draconus HTTP/1.1" 200 122 "-" "PostmanRuntime/7.44.0"
::1 - - [08/Jun/2025:16:08:27 +0000] "POST /accounts/login HTTP/1.1" 401 - "-" "PostmanRuntime/7.44.0"
::1 - - [08/Jun/2025:16:09:18 +0000] "POST /accounts/login HTTP/1.1" - - "-" "PostmanRuntime/7.44.0"
::1 - - [08/Jun/2025:16:10:52 +0000] "POST /accounts/login HTTP/1.1" 200 182 "-" "PostmanRuntime/7.44.0"
::1 - - [08/Jun/2025:16:25:53 +0000] "GET /api/books/genre/status?genre=dystopia&status=on_stock HTTP/1.1" 200 748 "-" "PostmanRuntime/7.44.0"
